[?25l

   ⣽  sleeping 1s... press q to quit

[300D[1A[1A[2K[1A[1A[300D[2K
[1B   ⣻  sleeping 1s... press q to quit
[1B[300D[1A[1A[2K[1A[1A[300D[2K
[1B   ⢿  sleeping 1s... press q to quit
[1B[300D[1A[1A[2K[1A[1A[300D[2K
[1B   ⡿  sleeping 1s... press q to quit
[1B[300D[1A[1A[2K[1A[1A[300D[2K
[1B   ⣟  sleeping 1s... press q to quit
[1B[300D[1A[1A[2K[1A[1A[300D[2K
[1B   ⣯  sleeping 0s... press q to quit
[1B[300D[1A[1A[2K[1A[1A[300D[2K
[1B   ⣷  sleeping 0s... press q to quit
[1B[300D[1A[1A[2K[1A[1A[300D[2K
[1B   ⣾  sleeping 0s... press q to quit
[1B[300D[1A[1A[2K[1A[1A[300D[2K
[1B   ⣽  sleeping 0s... press q to quit
[1B[300D[1A[1A[2K[1A[1A[300D[2K
[1B   ⣻  sleeping 0s... press q to quit
[1B[300D[2K[?25h[?1002l[?1003l[?1006l