[?25l[?2004h[B[0K
   ⣽  sleeping 1s... press q to quit[0K
[0K
[0K[300D[4A[B[B   ⣻  sleeping 1s... press q to quit[0K
[B[300D[4A[B[B   ⢿  sleeping 1s... press q to quit[0K
[B[300D[4A[B[B   ⡿  sleeping 1s... press q to quit[0K
[B[300D[4A[B[B   ⣟  sleeping 1s... press q to quit[0K
[B[300D[4A[B[B   ⣯  sleeping 0s... press q to quit[0K
[B[300D[4A[B[B   ⣷  sleeping 0s... press q to quit[0K
[B[300D[4A[B[B   ⣾  sleeping 0s... press q to quit[0K
[B[300D[4A[B[B   ⣽  sleeping 0s... press q to quit[0K
[B[300D[4A[B[B   ⣻  sleeping 0s... press q to quit[0K
[B[300D[2K[?2004l[?25h[?1002l[?1003l[?1006l