[?25l[?2004h

   ⣽  sleeping 1s... press q to quit

[300D[A[A[2K[A[A[300D[2K
[B   ⣻  sleeping 1s... press q to quit
[B[300D[A[A[2K[A[A[300D[2K
[B   ⢿  sleeping 1s... press q to quit
[B[300D[A[A[2K[A[A[300D[2K
[B   ⡿  sleeping 1s... press q to quit
[B[300D[A[A[2K[A[A[300D[2K
[B   ⣟  sleeping 1s... press q to quit
[B[300D[A[A[2K[A[A[300D[2K
[B   ⣯  sleeping 0s... press q to quit
[B[300D[A[A[2K[A[A[300D[2K
[B   ⣷  sleeping 0s... press q to quit
[B[300D[A[A[2K[A[A[300D[2K
[B   ⣾  sleeping 0s... press q to quit
[B[300D[A[A[2K[A[A[300D[2K
[B   ⣽  sleeping 0s... press q to quit
[B[300D[A[A[2K[A[A[300D[2K
[B   ⣻  sleeping 0s... press q to quit
[B[300D[2K[?2004l[?25h[?1002l[?1003l[?1006l